
import sys
if sys.version_info.major == 3:
    from unittest import mock
else:
    import mock

from sonic_platform_base.sonic_storage.ssd import SsdUtil

output_nvme_ssd = """smartctl 7.2 2020-12-30 r5155 [x86_64-linux-5.10.0-8-2-amd64] (local build)
Copyright (C) 2002-20, Bruce Allen, Christian Franke, www.smartmontools.org

=== START OF INFORMATION SECTION ===
Model Number:                       SFPC020GM1EC2TO-I-5E-11P-STD
Serial Number:                      A0221030722410000027
Firmware Version:                   COT6OQ
PCI Vendor/Subsystem ID:            0x1dd4
IEEE OUI Identifier:                0x8c6078
Controller ID:                      1
NVMe Version:                       1.3
Number of Namespaces:               1
Namespace 1 Size/Capacity:          20,014,718,976 [20.0 GB]
Namespace 1 Formatted LBA Size:     512
Namespace 1 IEEE EUI-64:            486834 133070001b
Local Time is:                      Tue Mar  1 06:35:23 2022 UTC
Firmware Updates (0x12):            1 Slot, no Reset required
Optional Admin Commands (0x0016):   Format Frmw_DL Self_Test
Optional NVM Commands (0x001f):     Comp Wr_Unc DS_Mngmt Wr_Zero Sav/Sel_Feat
Log Page Attributes (0x0e):         Cmd_Eff_Lg Ext_Get_Lg Telmtry_Lg
Maximum Data Transfer Size:         64 Pages
Warning  Comp. Temp. Threshold:     105 Celsius
Critical Comp. Temp. Threshold:     120 Celsius

Supported Power States
St Op     Max   Active     Idle   RL RT WL WT  Ent_Lat  Ex_Lat
 0 +     3.50W       -        -    0  0  0  0        0       0
 1 +     2.50W       -        -    1  1  1  1        0       0
 2 +     1.50W       -        -    2  2  2  2        0       0
 3 -   0.0200W       -        -    3  3  3  3     2200    3000
 4 -   0.0100W       -        -    4  4  4  4    15000   12000

Supported LBA Sizes (NSID 0x1)
Id Fmt  Data  Metadt  Rel_Perf
 0 +     512       0         0

=== START OF SMART DATA SECTION ===
SMART overall-health self-assessment test result: PASSED

SMART/Health Information (NVMe Log 0x02)
Critical Warning:                   0x00
Temperature:                        37 Celsius
Available Spare:                    100%
Available Spare Threshold:          10%
Percentage Used:                    0%
Data Units Read:                    1,546,369 [791 GB]
Data Units Written:                 7,118,163 [3.64 TB]
Host Read Commands:                 27,027,268
Host Write Commands:                87,944,082
Controller Busy Time:               5,660
Power Cycles:                       455
Power On Hours:                     3,638
Unsafe Shutdowns:                   435
Media and Data Integrity Errors:    0
Error Information Log Entries:      5,275
Warning  Comp. Temperature Time:    0
Critical Comp. Temperature Time:    0
Temperature Sensor 1:               41 Celsius
Temperature Sensor 2:               38 Celsius

Error Information (NVMe Log 0x01, 16 of 64 entries)
Num   ErrCount  SQId   CmdId  Status  PELoc          LBA  NSID    VS
  0       5275     0  0x0001  0x0004      -            0     1     -"""

output_ssd = """smartctl 6.6 2017-11-05 r4594 [x86_64-linux-5.10.0-8-2-amd64] (local build)
Copyright (C) 2002-17, Bruce Allen, Christian Franke, www.smartmontools.org

=== START OF INFORMATION SECTION ===
Model Family:     3IE3/3ME3/3ME4 SSDs
Device Model:     (S42) 3IE3
Serial Number:    BCA11712280210689
LU WWN Device Id: 5 24693f 2ca215959
Firmware Version: S16425i
User Capacity:    16,013,942,784 bytes [16.0 GB]
Sector Size:      512 bytes logical/physical
Rotation Rate:    Solid State Device
Form Factor:      2.5 inches
Device is:        In smartctl database [for details use: -P show]
ATA Version is:   ATA8-ACS (minor revision not indicated)
SATA Version is:  SATA 3.0, 6.0 Gb/s (current: 6.0 Gb/s)
Local Time is:    Thu Mar 31 03:00:15 2022 UTC
SMART support is: Available - device has SMART capability.
SMART support is: Enabled

=== START OF READ SMART DATA SECTION ===
SMART overall-health self-assessment test result: PASSED

General SMART Values:
Offline data collection status:  (0x00) Offline data collection activity
                                        was never started.
                                        Auto Offline Data Collection: Disabled.
Total time to complete Offline
data collection:                (   32) seconds.
Offline data collection
capabilities:                    (0x00)         Offline data collection not supported.
SMART capabilities:            (0x0003) Saves SMART data before entering
                                        power-saving mode.
                                        Supports SMART auto save timer.
Error logging capability:        (0x00) Error logging NOT supported.
                                        No General Purpose Logging support.
SCT capabilities:              (0x0039) SCT Status supported.
                                        SCT Error Recovery Control supported.
                                        SCT Feature Control supported.
                                        SCT Data Table supported.

SMART Attributes Data Structure revision number: 16
Vendor Specific SMART Attributes with Thresholds:
ID# ATTRIBUTE_NAME          FLAG     VALUE WORST THRESH TYPE      UPDATED  WHEN_FAILED RAW_VALUE
  1 Raw_Read_Error_Rate     0x0000   000   000   000    Old_age   Offline      -       0
  2 Throughput_Performance  0x0000   000   000   000    Old_age   Offline      -       0
  3 Spin_Up_Time            0x0000   000   000   000    Old_age   Offline      -       0
  5 Later_Bad_Block         0x0013   100   100   001    Pre-fail  Always       -       0
  7 Seek_Error_Rate         0x0000   000   000   000    Old_age   Offline      -       0
  8 Seek_Time_Performance   0x0000   000   000   000    Old_age   Offline      -       0
  9 Power_On_Hours          0x0002   030   000   000    Old_age   Always       -       26142
 10 Spin_Retry_Count        0x0000   000   000   000    Old_age   Offline      -       0
 12 Power_Cycle_Count       0x0002   148   000   000    Old_age   Always       -       7828
163 Total_Bad_Block_Count   0x0000   000   000   000    Old_age   Offline      -       8
168 SATA_PHY_Error_Count    0x0000   000   000   000    Old_age   Offline      -       0
169 Remaining_Lifetime_Perc 0x0000   095   000   000    Old_age   Offline      -       95
175 Bad_Cluster_Table_Count 0x0000   000   000   000    Old_age   Offline      -       0
192 Power-Off_Retract_Count 0x0000   000   000   000    Old_age   Offline      -       0
194 Temperature_Celsius     0x0000   030   100   000    Old_age   Offline      -       30 (2 100 0 0 0)
197 Current_Pending_Sector  0x0012   000   100   000    Old_age   Always       -       0
225 Data_Log_Write_Count    0x0000   000   029   000    Old_age   Offline      -       45712577
240 Write_Head              0x0000   000   000   000    Old_age   Offline      -       0
165 Max_Erase_Count         0x0002   220   001   000    Old_age   Always       -       988
167 Average_Erase_Count     0x0002   213   001   000    Old_age   Always       -       981
170 Spare_Block_Count       0x0003   100   001   000    Pre-fail  Always       -       146
171 Program_Fail_Count      0x0002   000   001   000    Old_age   Always       -       0
172 Erase_Fail_Count        0x0002   000   001   000    Old_age   Always       -       0
176 RANGE_RECORD_Count      0x0000   100   001   000    Old_age   Offline      -       0
187 Reported_Uncorrect      0x0002   000   001   000    Old_age   Always       -       0
229 Flash_ID                0x0002   100   001   000    Old_age   Always       -       0x517693943a98
232 Spares_Remaining_Perc   0x0003   100   001   000    Pre-fail  Always       -       0
235 Later_Bad_Blk_Inf_R/W/E 0x0002   000   000   000    Old_age   Always       -       0 0 0
241 Host_Writes_32MiB       0x0002   100   001   000    Old_age   Always       -       178564
242 Host_Reads_32MiB        0x0002   100   001   000    Old_age   Always       -       760991

SMART Error Log not supported

SMART Self-test Log not supported

Selective Self-tests/Logging not supported"""

output_ssd_leading_trailing_spaces = """
  241 Host_Writes_32MiB       0x0002   100   001   000    Old_age   Always       -       178564  
  242 Host_Reads_32MiB        0x0002   100   001   000    Old_age   Always       -       760991  
"""

output_ssd2 = """
smartctl 7.4 2023-08-01 r5530 [x86_64-linux-6.1.0-29-2-amd64] (local build)
Copyright (C) 2002-23, Bruce Allen, Christian Franke, www.smartmontools.org

=== START OF INFORMATION SECTION ===
Device Model:     SATA SSD
Serial Number:    SPG210902J8
Firmware Version: FW1241
User Capacity:    32,017,047,552 bytes [32.0 GB]
Sector Size:      512 bytes logical/physical
Rotation Rate:    Solid State Device
Form Factor:      < 1.8 inches
TRIM Command:     Available
Device is:        Not in smartctl database 7.3/5528
ATA Version is:   ACS-3 (minor revision not indicated)
SATA Version is:  SATA 3.1, 6.0 Gb/s (current: 6.0 Gb/s)
Local Time is:    Thu Aug 28 22:58:11 2025 UTC
SMART support is: Available - device has SMART capability.
SMART support is: Enabled

=== START OF READ SMART DATA SECTION ===
SMART overall-health self-assessment test result: PASSED

General SMART Values:
Offline data collection status:  (0x00)	Offline data collection activity
					was never started.
					Auto Offline Data Collection: Disabled.
Self-test execution status:      (   0)	The previous self-test routine completed
					without error or no self-test has ever
					been run.
Total time to complete Offline
data collection: 		(   30) seconds.
Offline data collection
capabilities: 			 (0x7b) SMART execute Offline immediate.
					Auto Offline data collection on/off support.
					Suspend Offline collection upon new
					command.
					Offline surface scan supported.
					Self-test supported.
					Conveyance Self-test supported.
					Selective Self-test supported.
SMART capabilities:            (0x0003)	Saves SMART data before entering
					power-saving mode.
					Supports SMART auto save timer.
Error logging capability:        (0x01)	Error logging supported.
					General Purpose Logging supported.
Short self-test routine
recommended polling time: 	 (   1) minutes.
Extended self-test routine
recommended polling time: 	 (   2) minutes.
Conveyance self-test routine
recommended polling time: 	 (   2) minutes.

SMART Attributes Data Structure revision number: 16
Vendor Specific SMART Attributes with Thresholds:
ID# ATTRIBUTE_NAME          FLAG     VALUE WORST THRESH TYPE      UPDATED  WHEN_FAILED RAW_VALUE
  1 Raw_Read_Error_Rate     0x000b   100   100   050    Pre-fail  Always       -       0
  5 Reallocated_Sector_Ct   0x0013   100   100   050    Pre-fail  Always       -       0
  9 Power_On_Hours          0x0012   100   100   000    Old_age   Always       -       27508
 12 Power_Cycle_Count       0x0012   100   100   000    Old_age   Always       -       36442
 14 Unknown_Attribute       0x0012   100   100   000    Old_age   Always       -       69009408
 15 Unknown_Attribute       0x0012   100   100   000    Old_age   Always       -       62533296
 16 Unknown_Attribute       0x0012   100   100   000    Old_age   Always       -       85
 17 Unknown_Attribute       0x0012   100   100   000    Old_age   Always       -       85
100 Unknown_Attribute       0x0012   100   100   000    Old_age   Always       -       15957694
168 Unknown_Attribute       0x0012   100   100   000    Old_age   Always       -       0
170 Unknown_Attribute       0x0003   100   100   010    Pre-fail  Always       -       29
172 Unknown_Attribute       0x0012   100   100   000    Old_age   Always       -       0
173 Unknown_Attribute       0x0012   100   100   000    Old_age   Always       -       65535
174 Unknown_Attribute       0x0012   100   100   000    Old_age   Always       -       6763
175 Program_Fail_Count_Chip 0x0012   100   100   000    Old_age   Always       -       3788
181 Program_Fail_Cnt_Total  0x0012   100   100   000    Old_age   Always       -       0
187 Reported_Uncorrect      0x0012   100   100   000    Old_age   Always       -       0
194 Temperature_Celsius     0x0023   070   070   000    Pre-fail  Always       -       30
197 Current_Pending_Sector  0x0032   100   100   000    Old_age   Always       -       0
198 Offline_Uncorrectable   0x0012   100   100   000    Old_age   Always       -       0
199 UDMA_CRC_Error_Count    0x000b   100   100   050    Pre-fail  Always       -       13
202 Unknown_SSD_Attribute   0x0012   100   100   000    Old_age   Always       -       100
231 Unknown_SSD_Attribute   0x0013   100   100   000    Pre-fail  Always       -       0
232 Available_Reservd_Space 0x0013   100   100   000    Pre-fail  Always       -       0
234 Unknown_Attribute       0x000b   100   100   000    Pre-fail  Always       -       37584067165
235 Unknown_Attribute       0x000b   100   100   000    Pre-fail  Always       -       187190999136
241 Total_LBAs_Written      0x0012   100   100   000    Old_age   Always       -       196534949930
242 Total_LBAs_Read         0x0012   100   100   000    Old_age   Always       -       37584067165
247 Unknown_Attribute       0x0012   100   100   000    Old_age   Always       -       1
248 Unknown_Attribute       0x0012   100   100   000    Old_age   Always       -       0

SMART Error Log Version: 1
No Errors Logged

SMART Self-test log structure revision number 1
No self-tests have been logged.  [To run self-tests, use: smartctl -t]

SMART Selective self-test log data structure revision number 0
Note: revision number not 1 implies that no selective self-test has ever been run
 SPAN  MIN_LBA  MAX_LBA  CURRENT_TEST_STATUS
    1        0        0  Not_testing
    2        0        0  Not_testing
    3        0        0  Not_testing
    4        0        0  Not_testing
    5        0        0  Not_testing
Selective self-test flags (0x0):
  After scanning selected spans, do NOT read-scan remainder of disk.
If Selective self-test is pending on power-up, resume after 0 minute delay.

The above only provides legacy SMART information - try 'smartctl -x' for more
"""

output_Innodisk_ssd = """smartctl 7.2 2020-12-30 r5155 [x86_64-linux-5.10.0-23-2-amd64] (local build)
Copyright (C) 2002-20, Bruce Allen, Christian Franke, www.smartmontools.org

=== START OF INFORMATION SECTION ===
Model Family:     Innodisk 3IE3/3ME3/3ME4 SSDs
Device Model:     InnoDisk Corp. - mSATA 3IE3
Serial Number:    BCA11802090990501
LU WWN Device Id: 5 24693f 2ca22d959
Firmware Version: S16425cG
User Capacity:    16,013,942,784 bytes [16.0 GB]
Sector Size:      512 bytes logical/physical
Rotation Rate:    Solid State Device
Form Factor:      2.5 inches
TRIM Command:     Available
Device is:        In smartctl database [for details use: -P show]
ATA Version is:   ATA8-ACS (minor revision not indicated)
SATA Version is:  SATA 3.0, 6.0 Gb/s (current: 6.0 Gb/s)
Local Time is:    Thu May 23 08:13:07 2024 UTC
SMART support is: Available - device has SMART capability.
SMART support is: Enabled

=== START OF READ SMART DATA SECTION ===
SMART overall-health self-assessment test result: PASSED

General SMART Values:
Offline data collection status:  (0x00) Offline data collection activity
                                        was never started.
                                        Auto Offline Data Collection: Disabled.
Total time to complete Offline
data collection:                (   32) seconds.
Offline data collection
capabilities:                    (0x00)         Offline data collection not supported.
SMART capabilities:            (0x0003) Saves SMART data before entering
                                        power-saving mode.
                                        Supports SMART auto save timer.
Error logging capability:        (0x00) Error logging NOT supported.
                                        No General Purpose Logging support.
SCT capabilities:              (0x0039) SCT Status supported.
                                        SCT Error Recovery Control supported.
                                        SCT Feature Control supported.
                                        SCT Data Table supported.

SMART Attributes Data Structure revision number: 16
Vendor Specific SMART Attributes with Thresholds:
ID# ATTRIBUTE_NAME          FLAG     VALUE WORST THRESH TYPE      UPDATED  WHEN_FAILED RAW_VALUE
  1 Raw_Read_Error_Rate     0x0000   000   000   000    Old_age   Offline      -       0
  2 Throughput_Performance  0x0000   000   000   000    Old_age   Offline      -       0
  3 Spin_Up_Time            0x0000   000   000   000    Old_age   Offline      -       0
  5 Later_Bad_Block         0x0013   100   100   001    Pre-fail  Always       -       0
  7 Seek_Error_Rate         0x0000   000   000   000    Old_age   Offline      -       0
  8 Seek_Time_Performance   0x0000   000   000   000    Old_age   Offline      -       0
  9 Power_On_Hours          0x0002   140   000   000    Old_age   Always       -       49036
 10 Spin_Retry_Count        0x0000   000   000   000    Old_age   Offline      -       0
 12 Power_Cycle_Count       0x0002   012   000   000    Old_age   Always       -       2828
163 Total_Bad_Block_Count   0x0000   000   000   000    Old_age   Offline      -       19
168 SATA_PHY_Error_Count    0x0000   000   000   000    Old_age   Offline      -       0
169 Remaining_Lifetime_Perc 0x0000   092   000   000    Old_age   Offline      -       92
175 Bad_Cluster_Table_Count 0x0000   000   000   000    Old_age   Offline      -       0
192 Power-Off_Retract_Count 0x0000   000   000   000    Old_age   Offline      -       0
194 Temperature_Celsius     0x0000   030   100   000    Old_age   Offline      -       30 (2 100 0 0 0)
197 Current_Pending_Sector  0x0012   000   100   000    Old_age   Always       -       0
225 Data_Log_Write_Count    0x0000   000   074   000    Old_age   Offline      -       38494758
240 Write_Head              0x0000   000   000   000    Old_age   Offline      -       0
165 Max_Erase_Count         0x0002   183   001   000    Old_age   Always       -       1463
167 Average_Erase_Count     0x0002   175   001   000    Old_age   Always       -       1455
170 Spare_Block_Count       0x0003   100   001   000    Pre-fail  Always       -       59
171 Program_Fail_Count      0x0002   000   001   000    Old_age   Always       -       0
172 Erase_Fail_Count        0x0002   000   001   000    Old_age   Always       -       0
174 Unknown_Attribute       0x0003   100   001   000    Pre-fail  Always       -       76
177 Wear_Leveling_Count     0x0002   100   001   000    Old_age   Always       -       2811
229 Flash_ID                0x0002   100   001   000    Old_age   Always       -       0x51769394de98
232 Spares_Remaining_Perc   0x0003   100   001   000    Pre-fail  Always       -       0
235 Later_Bad_Blk_Inf_R/W/E 0x0002   000   000   000    Old_age   Always       -       0 0 0
241 Host_Writes_32MiB       0x0002   100   001   000    Old_age   Always       -       150370
242 Host_Reads_32MiB        0x0002   100   001   000    Old_age   Always       -       73954

SMART Error Log not supported

SMART Self-test Log not supported

Selective Self-tests/Logging not supported

"""

output_Innodisk_vendor_info = """********************************************************************************************
* Innodisk iSMART V3.9.41                                                       2018/05/25 *
********************************************************************************************
Model Name: InnoDisk Corp. - mSATA 3IE3
FW Version: S16425cG
Serial Number: BCA11802090990501
Health: 92.725%
Capacity: 14.914146 GB
P/E Cycle: 20000
Lifespan : 25000 (Years : 68 Months : 6 Days : 0)
iAnalyzer: Disable
Write Protect: Disable
InnoRobust: Enable
--------------------------------------------------------------------------------------------
ID    SMART Attributes                            Value           Raw Value
--------------------------------------------------------------------------------------------
[09]  Power On Hours                              [49036]         [0902008C008CBF0000000000]
[0C]  Power Cycle Count                           [ 2828]         [0C02000C000C0B0000000000]
[A5]  Maximum Erase Count                         [ 1463]         [A50200B701B7050000000000]
[A7]  Average Erase Count                         [ 1455]         [A70200AF01AF050000000000]
[AB]  Program fail count                          [    0]         [AB0200000100000000000000]
[AC]  Erase fail count                            [    0]         [AC0200000100000000000000]
[AD]  Erase Count                                 [    0]         [000000000000000000000000]
[BB]  Reported Uncorrect count                    [    0]         [000000000000000000000000]
[C2]  Temperature                                 [   30]         [C200001E641E00000064021E]
[E8]  Percentage os spare remaining               [    0]         [E80300640100000000000000]
[EB]  Later Bad Block                             [    0]         [EB0200000000000000000000]
[EB]  Read Block                                  [    0]         [EB0200000000000000000000]
[EB]  Write Block                                 [    0]         [EB0200000000000000000000]
[EB]  Erase Block                                 [    0]         [EB0200000000000000000000]
[F1]  Total LBAs Written                          [150370]         [F102006401624B0200000000]
[F2]  Total LBAs Read                             [73954]         [F202006401E2200100000000]
--------------------------------------------------------------------------------------------
  Read & Write
--------------------------------------------------------------------------------------------
Sequential Read  = 1%    (0)
Random Read      = 0%    (0)
Sequential Write = 0%    (0)
Random Write     = 0%    (0)
--------------------------------------------------------------------------------------------
Sequential Read
--------------------------------------------------------------------------------------------
Size     Percentage      Count
8M       0%              (0)
4M       0%              (0)
1M       0%              (0)
128K     0%              (0)
64K      0%              (0)
32K      0%              (0)
--------------------------------------------------------------------------------------------
Sequential Write
--------------------------------------------------------------------------------------------
Size     Percentage      Count
8M       0%              (0)
4M       0%              (0)
1M       0%              (0)
128K     0%              (0)
64K      0%              (0)
32K      0%              (0)
--------------------------------------------------------------------------------------------
Random Read
--------------------------------------------------------------------------------------------
Size     Percentage      Count
64K      0%              (0)
32K      0%              (0)
16K      0%              (0)
8K       0%              (0)
4K       0%              (0)
--------------------------------------------------------------------------------------------
Random Write
--------------------------------------------------------------------------------------------
Size     Percentage      Count
64K      0%              (0)
32K      0%              (0)
16K      0%              (0)
8K       0%              (0)
4K       0%              (0)

"""

output_lack_info_ssd = """smartctl 7.2 2020-12-30 r5155 [x86_64-linux-5.10.0-8-2-amd64] (local build)
Copyright (C) 2002-20, Bruce Allen, Christian Franke, www.smartmontools.org

=== START OF INFORMATION SECTION ===

=== START OF SMART DATA SECTION ===

  0       5275     0  0x0001  0x0004      -            0     1     -"""

output_Innodisk_missing_names_ssd = """smartctl 6.6 2017-11-05 r4594 [armv7l-linux-4.19.0-12-2-armmp] (local build)
Copyright (C) 2002-17, Bruce Allen, Christian Franke, www.smartmontools.org

=== START OF INFORMATION SECTION ===
Model Family:     Innodisk 3IE3/3ME3/3ME4 SSDs
Device Model:     M.2 (S42) 3ME4
Serial Number:    YCA12003110020080
LU WWN Device Id: 5 02b2a2 01d1c1b1a
Firmware Version: L17606
User Capacity:    16,013,942,784 bytes [16.0 GB]
Sector Size:      512 bytes logical/physical
Rotation Rate:    Solid State Device
Device is:        In smartctl database [for details use: -P show]
ATA Version is:   ACS-3 T13/2161-D revision 4
SATA Version is:  SATA 3.2, 6.0 Gb/s (current: 6.0 Gb/s)
Local Time is:    Tue Apr 26 00:57:00 2022 UTC
SMART support is: Available - device has SMART capability.
SMART support is: Enabled

=== START OF READ SMART DATA SECTION ===
SMART overall-health self-assessment test result: PASSED

General SMART Values:
Offline data collection status:  (0x02) Offline data collection activity
                    was completed without error.
                    Auto Offline Data Collection: Disabled.
Total time to complete Offline
data collection:        (   32) seconds.
Offline data collection
capabilities:            (0x00)     Offline data collection not supported.
SMART capabilities:            (0x0002) Does not save SMART data before
                    entering power-saving mode.
                    Supports SMART auto save timer.
Error logging capability:        (0x00) Error logging NOT supported.
                    General Purpose Logging supported.

SMART Attributes Data Structure revision number: 16
Vendor Specific SMART Attributes with Thresholds:
ID# ATTRIBUTE_NAME          FLAG     VALUE WORST THRESH TYPE      UPDATED  WHEN_FAILED RAW_VALUE
  1 Raw_Read_Error_Rate     0x0000   000   000   000    Old_age   Offline      -       0
  2 Throughput_Performance  0x0000   000   000   000    Old_age   Offline      -       0
  5 Later_Bad_Block         0x0012   100   100   001    Old_age   Always       -       0
  7 Seek_Error_Rate         0x0000   000   000   000    Old_age   Offline      -       0
  8 Seek_Time_Performance   0x0000   000   000   000    Old_age   Offline      -       0
  9 Power_On_Hours          0x0012   253   000   000    Old_age   Always       -       14151
 10 Spin_Retry_Count        0x0000   000   000   000    Old_age   Offline      -       0
 12 Power_Cycle_Count       0x0012   036   000   000    Old_age   Always       -       36
163 Total_Bad_Block_Count   0x0000   000   000   000    Old_age   Offline      -       9
168 SATA_PHY_Error_Count    0x0000   000   000   000    Old_age   Offline      -       0
169 Unknown Attribute       0x0000   094   000   000    Old_age   Offline      -       94
175 Bad_Cluster_Table_Count 0x0000   000   000   000    Old_age   Offline      -       0
192 Power-Off_Retract_Count 0x0012   000   000   000    Old_age   Always       -       3
194 Unknown Attribute       0x0002   039   100   000    Old_age   Always       -       39 (3 42 0 33 0)
197 Current_Pending_Sector  0x0000   000   000   000    Old_age   Offline      -       0
225 Data_Log_Write_Count    0x0000   000   000   000    Old_age   Offline      -       0
240 Write_Head              0x0000   000   000   000    Old_age   Offline      -       0
165 Max_Erase_Count         0x0012   223   100   000    Old_age   Always       -       223
167 Average_Erase_Count     0x0012   000   100   000    Old_age   Always       -       187
170 Spare_Block_Count       0x0013   100   100   010    Pre-fail  Always       -       72
171 Program_Fail_Count      0x0012   000   100   000    Old_age   Always       -       0
172 Erase_Fail_Count        0x0012   000   100   000    Old_age   Always       -       0
176 RANGE_RECORD_Count      0x0000   000   000   000    Old_age   Offline      -       0
184 End-to-End_Error        0x0012   000   000   000    Old_age   Always       -       0
187 Reported_Uncorrect      0x0012   000   000   000    Old_age   Always       -       0
229 Flash_ID                0x0000   100   100   000    Old_age   Offline      -       0x51769394de98
232 Spares_Remaining_Perc   0x0013   000   000   000    Pre-fail  Always       -       0
235 Later_Bad_Blk_Inf_R/W/E 0x0002   000   000   000    Old_age   Always       -       0 0 0
241 Host_Writes_32MiB       0x0002   100   100   000    Old_age   Always       -       14452
242 Host_Reads_32MiB        0x0002   100   100   000    Old_age   Always       -       42566

SMART Error Log not supported

SMART Self-test Log not supported

Selective Self-tests/Logging not supported

"""

output_virtium_generic = """
smartctl 7.2 2020-12-30 r5155 [x86_64-linux-5.10.0-18-2-amd64] (local build)
Copyright (C) 2002-20, Bruce Allen, Christian Franke, www.smartmontools.org

=== START OF INFORMATION SECTION ===
Device Model:     StorFly VSF302XC016G-MLX1
Serial Number:    52586-0705
Firmware Version: 0202-001
User Capacity:    15,804,137,472 bytes [15.8 GB]
Sector Size:      512 bytes logical/physical
Rotation Rate:    Solid State Device
TRIM Command:     Available, deterministic, zeroed
Device is:        Not in smartctl database [for details use: -P showall]
ATA Version is:   ACS-2 (minor revision not indicated)
SATA Version is:  SATA 3.1, 6.0 Gb/s (current: 6.0 Gb/s)
Local Time is:    Wed Oct 18 09:58:57 2023 IDT
SMART support is: Available - device has SMART capability.
SMART support is: Enabled

=== START OF READ SMART DATA SECTION ===
SMART overall-health self-assessment test result: PASSED

General SMART Values:
Offline data collection status:  (0x00) Offline data collection activity
                                        was never started.
                                        Auto Offline Data Collection: Disabled.
Self-test execution status:      (   0) The previous self-test routine completed
                                        without error or no self-test has ever 
                                        been run.
Total time to complete Offline 
data collection:                (    0) seconds.
Offline data collection
capabilities:                    (0x71) SMART execute Offline immediate.
                                        No Auto Offline data collection support.
                                        Suspend Offline collection upon new
                                        command.
                                        No Offline surface scan supported.
                                        Self-test supported.
                                        Conveyance Self-test supported.
                                        Selective Self-test supported.
SMART capabilities:            (0x0002) Does not save SMART data before
                                        entering power-saving mode.
                                        Supports SMART auto save timer.
Error logging capability:        (0x01) Error logging supported.
                                        General Purpose Logging supported.
Short self-test routine 
recommended polling time:        (   1) minutes.
Extended self-test routine
recommended polling time:        (   1) minutes.
Conveyance self-test routine
recommended polling time:        (   1) minutes.

SMART Attributes Data Structure revision number: 1
Vendor Specific SMART Attributes with Thresholds:
ID# ATTRIBUTE_NAME          FLAG     VALUE WORST THRESH TYPE      UPDATED  WHEN_FAILED RAW_VALUE
  1 Raw_Read_Error_Rate     0x0000   100   100   070    Old_age   Offline      -       0
  5 Reallocated_Sector_Ct   0x0000   100   100   000    Old_age   Offline      -       0
  9 Power_On_Hours          0x0000   100   100   000    Old_age   Offline      -       1223
 12 Power_Cycle_Count       0x0000   100   100   000    Old_age   Offline      -       17413
160 Unknown_Attribute       0x0000   100   100   000    Old_age   Offline      -       0
161 Unknown_Attribute       0x0000   100   100   000    Old_age   Offline      -       180
163 Unknown_Attribute       0x0000   100   100   000    Old_age   Offline      -       9
164 Unknown_Attribute       0x0000   100   100   000    Old_age   Offline      -       5105664
165 Unknown_Attribute       0x0000   100   100   000    Old_age   Offline      -       2524
166 Unknown_Attribute       0x0000   100   100   000    Old_age   Offline      -       2393
167 Unknown_Attribute       0x0000   100   100   000    Old_age   Offline      -       2444
168 Unknown_Attribute       0x0000   100   100   000    Old_age   Offline      -       20000
177 Wear_Leveling_Count     0x0000   100   100   050    Old_age   Offline      -       22301
178 Used_Rsvd_Blk_Cnt_Chip  0x0000   100   100   000    Old_age   Offline      -       0
181 Program_Fail_Cnt_Total  0x0000   100   100   000    Old_age   Offline      -       0
182 Erase_Fail_Count_Total  0x0000   100   100   000    Old_age   Offline      -       0
187 Reported_Uncorrect      0x0000   100   100   000    Old_age   Offline      -       0
192 Power-Off_Retract_Count 0x0000   100   100   000    Old_age   Offline      -       12514
194 Temperature_Celsius     0x0000   100   100   000    Old_age   Offline      -       19
195 Hardware_ECC_Recovered  0x0000   100   100   000    Old_age   Offline      -       0
196 Reallocated_Event_Count 0x0000   100   100   016    Old_age   Offline      -       0
198 Offline_Uncorrectable   0x0000   100   100   000    Old_age   Offline      -       0
199 UDMA_CRC_Error_Count    0x0000   100   100   050    Old_age   Offline      -       0
232 Available_Reservd_Space 0x0000   100   100   000    Old_age   Offline      -       100
241 Total_LBAs_Written      0x0000   100   100   000    Old_age   Offline      -       629509
242 Total_LBAs_Read         0x0000   100   100   000    Old_age   Offline      -       1482095
248 Unknown_Attribute       0x0000   100   100   000    Old_age   Offline      -       88
249 Unknown_Attribute       0x0000   100   100   000    Old_age   Offline      -       100

SMART Error Log Version: 1
No Errors Logged

SMART Self-test log structure revision number 1
No self-tests have been logged.  [To run self-tests, use: smartctl -t]

SMART Selective self-test log data structure revision number 1
 SPAN  MIN_LBA  MAX_LBA  CURRENT_TEST_STATUS
    1        0        0  Not_testing
    2        0        0  Not_testing
    3        0        0  Not_testing
    4        0        0  Not_testing
    5        0        0  Not_testing
    6        0    65535  Read_scanning was never started
Selective self-test flags (0x0):
  After scanning selected spans, do NOT read-scan remainder of disk.
If Selective self-test is pending on power-up, resume after 0 minute delay.
"""

output_virtium_generic_vsfdm8xc240g_v11_t = """
smartctl 7.2 2020-12-30 r5155 [x86_64-linux-5.10.0-12-2-amd64] (local build)
Copyright (C) 2002-20, Bruce Allen, Christian Franke, www.smartmontools.org

=== START OF INFORMATION SECTION ===
Device Model:     VSFDM8XC240G-V11-T
Serial Number:    60237-0037
Firmware Version: 0913-000
User Capacity:    240,057,409,536 bytes [240 GB]
Sector Size:      512 bytes logical/physical
Rotation Rate:    Solid State Device
Form Factor:      2.5 inches
TRIM Command:     Available, deterministic, zeroed
Device is:        Not in smartctl database [for details use: -P showall]
ATA Version is:   ACS-3 (minor revision not indicated)
SATA Version is:  SATA 3.2, 6.0 Gb/s (current: 6.0 Gb/s)
Local Time is:    Wed Feb  8 02:11:48 2023 UTC
SMART support is: Available - device has SMART capability.
SMART support is: Enabled

=== START OF READ SMART DATA SECTION ===
SMART overall-health self-assessment test result: PASSED

General SMART Values:
Offline data collection status:  (0x00) Offline data collection activity
                                        was never started.
                                        Auto Offline Data Collection: Disabled.
Self-test execution status:      (   0) The previous self-test routine completed
                                        without error or no self-test has ever
                                        been run.
Total time to complete Offline
data collection:                (    0) seconds.
Offline data collection
capabilities:                    (0x73) SMART execute Offline immediate.
                                        Auto Offline data collection on/off support.
                                        Suspend Offline collection upon new
                                        command.
                                        No Offline surface scan supported.
                                        Self-test supported.
                                        Conveyance Self-test supported.
                                        Selective Self-test supported.
SMART capabilities:            (0x0003) Saves SMART data before entering
                                        power-saving mode.
                                        Supports SMART auto save timer.
Error logging capability:        (0x01) Error logging supported.
                                        General Purpose Logging supported.
Short self-test routine
recommended polling time:        (   2) minutes.
Extended self-test routine
recommended polling time:        (  15) minutes.
Conveyance self-test routine
recommended polling time:        (   0) minutes.
SCT capabilities:              (0x0031) SCT Status supported.
                                        SCT Feature Control supported.
                                        SCT Data Table supported.

SMART Attributes Data Structure revision number: 1
Vendor Specific SMART Attributes with Thresholds:
ID# ATTRIBUTE_NAME          FLAG     VALUE WORST THRESH TYPE      UPDATED  WHEN_FAILED RAW_VALUE
  1 Raw_Read_Error_Rate     0x000b   100   100   000    Pre-fail  Always       -       0
  5 Reallocated_Sector_Ct   0x0013   100   100   000    Pre-fail  Always       -       0
  9 Power_On_Hours          0x0012   100   100   000    Old_age   Always       -       221
 12 Power_Cycle_Count       0x0012   100   100   000    Old_age   Always       -       156
 14 Unknown_Attribute       0x0012   100   100   000    Old_age   Always       -       469427376
 15 Unknown_Attribute       0x0012   100   100   000    Old_age   Always       -       468862128
 16 Unknown_Attribute       0x0012   100   100   000    Old_age   Always       -       1436
 17 Unknown_Attribute       0x0012   100   100   000    Old_age   Always       -       1436
100 Unknown_Attribute       0x0012   100   100   000    Old_age   Always       -       6823
168 Unknown_Attribute       0x0012   100   100   000    Old_age   Always       -       0
170 Unknown_Attribute       0x0003   100   100   000    Pre-fail  Always       -       0
172 Unknown_Attribute       0x0012   100   100   000    Old_age   Always       -       0
173 Unknown_Attribute       0x0012   100   100   000    Old_age   Always       -       12
174 Unknown_Attribute       0x0012   100   100   000    Old_age   Always       -       155
175 Program_Fail_Count_Chip 0x0012   100   100   000    Old_age   Always       -       1
181 Program_Fail_Cnt_Total  0x0012   100   100   000    Old_age   Always       -       0
187 Reported_Uncorrect      0x0012   100   100   000    Old_age   Always       -       0
194 Temperature_Celsius     0x0023   066   048   000    Pre-fail  Always       -       34 (Min/Max 27/52)
197 Current_Pending_Sector  0x0032   100   100   000    Old_age   Always       -       0
198 Offline_Uncorrectable   0x0012   100   100   000    Old_age   Always       -       0
199 UDMA_CRC_Error_Count    0x000b   100   100   000    Pre-fail  Always       -       0
202 Unknown_SSD_Attribute   0x0012   000   000   000    Old_age   Always       -       0
231 Unknown_SSD_Attribute   0x0013   100   100   000    Pre-fail  Always       -       100
232 Available_Reservd_Space 0x0013   100   100   000    Pre-fail  Always       -       0
234 Unknown_Attribute       0x000b   100   100   000    Pre-fail  Always       -       131292480
235 Unknown_Attribute       0x000b   100   100   000    Pre-fail  Always       -       347463360
241 Total_LBAs_Written      0x0012   100   100   000    Old_age   Always       -       302116658
242 Total_LBAs_Read         0x0012   100   100   000    Old_age   Always       -       45606297
247 Unknown_Attribute       0x0012   100   100   000    Old_age   Always       -       347463360
248 Unknown_Attribute       0x0012   100   100   000    Old_age   Always       -       1

SMART Error Log Version: 1
No Errors Logged

SMART Self-test log structure revision number 1
No self-tests have been logged.  [To run self-tests, use: smartctl -t]

SMART Selective self-test log data structure revision number 1
 SPAN  MIN_LBA  MAX_LBA  CURRENT_TEST_STATUS
    1        0        0  Not_testing
    2        0        0  Not_testing
    3        0        0  Not_testing
    4        0        0  Not_testing
    5        0        0  Not_testing
Selective self-test flags (0x0):
  After scanning selected spans, do NOT read-scan remainder of disk.
If Selective self-test is pending on power-up, resume after 0 minute delay.
"""

output_virtium_generic_vtsm24abxi160_bm110006 = """
smartctl 7.4 2023-08-01 r5530 [x86_64-linux-6.1.0-11-2-amd64] (local build)
Copyright (C) 2002-23, Bruce Allen, Christian Franke, www.smartmontools.org

=== START OF INFORMATION SECTION ===
Device Model:     Virtium VTSM24ABXI160-BM110006
Serial Number:    62996-0010
Firmware Version: AB00A000
User Capacity:    160,041,885,696 bytes [160 GB]
Sector Size:      512 bytes logical/physical
Rotation Rate:    Solid State Device
Form Factor:      M.2
TRIM Command:     Available, deterministic, zeroed
Device is:        Not in smartctl database 7.3/5528
ATA Version is:   ACS-3 (minor revision not indicated)
SATA Version is:  SATA 3.2, 6.0 Gb/s (current: 6.0 Gb/s)
Local Time is:    Mon Sep  9 04:25:18 2024 UTC
SMART support is: Available - device has SMART capability.
SMART support is: Enabled

=== START OF READ SMART DATA SECTION ===
SMART overall-health self-assessment test result: PASSED

General SMART Values:
Offline data collection status:  (0x00) Offline data collection activity
                                        was never started.
                                        Auto Offline Data Collection: Disabled.
Self-test execution status:      (   0) The previous self-test routine completed
                                        without error or no self-test has ever
                                        been run.
Total time to complete Offline
data collection:                (    0) seconds.
Offline data collection
capabilities:                    (0x73) SMART execute Offline immediate.
                                        Auto Offline data collection on/off support.
                                        Suspend Offline collection upon new
                                        command.
                                        No Offline surface scan supported.
                                        Self-test supported.
                                        Conveyance Self-test supported.
                                        Selective Self-test supported.
SMART capabilities:            (0x0003) Saves SMART data before entering
                                        power-saving mode.
                                        Supports SMART auto save timer.
Error logging capability:        (0x01) Error logging supported.
                                        General Purpose Logging supported.
Short self-test routine
recommended polling time:        (   2) minutes.
Extended self-test routine
recommended polling time:        (  15) minutes.
Conveyance self-test routine
recommended polling time:        (   0) minutes.
SCT capabilities:              (0x0031) SCT Status supported.
                                        SCT Feature Control supported.
                                        SCT Data Table supported.

SMART Attributes Data Structure revision number: 1
Vendor Specific SMART Attributes with Thresholds:
ID# ATTRIBUTE_NAME          FLAG     VALUE WORST THRESH TYPE      UPDATED  WHEN_FAILED RAW_VALUE
  1 Raw_Read_Error_Rate     0x000b   100   100   000    Pre-fail  Always       -       0
  5 Reallocated_Sector_Ct   0x0013   100   100   000    Pre-fail  Always       -       0
  9 Power_On_Hours          0x0012   100   100   000    Old_age   Always       -       496
 12 Power_Cycle_Count       0x0012   100   100   000    Old_age   Always       -       56
 14 Unknown_Attribute       0x0012   100   100   000    Old_age   Always       -       313147056
 15 Unknown_Attribute       0x0012   100   100   000    Old_age   Always       -       312581808
 16 Unknown_Attribute       0x0012   100   100   000    Old_age   Always       -       263
 17 Unknown_Attribute       0x0012   100   100   000    Old_age   Always       -       263
100 Unknown_Attribute       0x0012   100   100   000    Old_age   Always       -       59950
168 Unknown_Attribute       0x0012   100   100   000    Old_age   Always       -       0
170 Unknown_Attribute       0x0003   100   100   000    Pre-fail  Always       -       0
172 Unknown_Attribute       0x0012   100   100   000    Old_age   Always       -       0
173 Unknown_Attribute       0x0012   100   100   000    Old_age   Always       -       57
174 Unknown_Attribute       0x0012   100   100   000    Old_age   Always       -       53
175 Program_Fail_Count_Chip 0x0012   100   100   000    Old_age   Always       -       36
181 Program_Fail_Cnt_Total  0x0012   100   100   000    Old_age   Always       -       0
187 Reported_Uncorrect      0x0012   100   100   000    Old_age   Always       -       0
194 Temperature_Celsius     0x0023   050   036   000    Pre-fail  Always       -       50 (Min/Max 30/64)
197 Current_Pending_Sector  0x0032   100   100   010    Old_age   Always       -       0
198 Offline_Uncorrectable   0x0012   100   100   000    Old_age   Always       -       0
199 UDMA_CRC_Error_Count    0x000b   100   100   000    Pre-fail  Always       -       0
202 Unknown_SSD_Attribute   0x0012   000   000   000    Old_age   Always       -       0
231 Unknown_SSD_Attribute   0x0013   100   100   000    Pre-fail  Always       -       100
232 Available_Reservd_Space 0x0013   100   100   000    Pre-fail  Always       -       0
234 Unknown_Attribute       0x000b   100   100   000    Pre-fail  Always       -       2250475904
235 Unknown_Attribute       0x000b   100   100   000    Pre-fail  Always       -       9104724352
241 Total_LBAs_Written      0x0012   100   100   000    Old_age   Always       -       8770891932
242 Total_LBAs_Read         0x0012   100   100   000    Old_age   Always       -       1411138737
247 Unknown_Attribute       0x0012   100   100   000    Old_age   Always       -       9104724352
248 Unknown_Attribute       0x0012   100   100   000    Old_age   Always       -       36

SMART Error Log Version: 1
No Errors Logged

SMART Self-test log structure revision number 1
No self-tests have been logged.  [To run self-tests, use: smartctl -t]

SMART Selective self-test log data structure revision number 1
 SPAN  MIN_LBA  MAX_LBA  CURRENT_TEST_STATUS
    1        0        0  Not_testing
    2        0        0  Not_testing
    3        0        0  Not_testing
    4        0        0  Not_testing
    5        0        0  Not_testing
Selective self-test flags (0x0):
  After scanning selected spans, do NOT read-scan remainder of disk.
If Selective self-test is pending on power-up, resume after 0 minute delay.
"""

output_virtium_vendor ="""
SMART attributes 
 ID                    Attribute   High Raw    Low Raw Value Worst Threshold 
  1          Raw_Read_Error_Rate          0          0   100   100        70 
  5           Reserved_Attribute          0          0   100   100         0 
  9               Power_On_Hours          0       1223   100   100         0 
 12            Power_Cycle_Count          0      17413   100   100         0 
160   Uncorrectable_Sector_Count          0          0   100   100         0 
161            Valid_Spare_Block          0        180   100   100         0 
163           Reserved_Attribute          0          9   100   100         0 
164           Reserved_Attribute          0    5105665   100   100         0 
165          Maximum_Erase_Count          0       2524   100   100         0 
166           Reserved_Attribute          0       2393   100   100         0 
167          Average_Erase_Count          0       2444   100   100         0 
168               NAND_Endurance          0      20000   100   100         0 
177           Reserved_Attribute          0      22301   100   100        50 
178           Reserved_Attribute          0          0   100   100         0 
181           Total_Program_Fail          0          0   100   100         0 
182             Total_Erase_Fail          0          0   100   100         0 
187    Uncorrectable_Error_Count          0          0   100   100         0 
192      Sudden_Power_Lost_Count          0      12514   100   100         0 
194          Temperature_Celsius          0         17   100   100         0 
195       Hardware_ECC_Recovered          0          0   100   100         0 
196      Reallocated_Event_Count          0          0   100   100        16 
198           Reserved_Attribute          0          0   100   100         0 
199         UDMA_CRC_Error_Count          0          0   100   100        50 
232           Reserved_Attribute          0        100   100   100         0 
241           Total_LBAs_Written          0     629509   100   100         0 
242              Total_LBAs_Read          0    1482095   100   100         0 
248          Remaining_Life_Left          0         88   100   100         0 
249  Remaining_Spare_Block_Count          0        100   100   100         0 
"""

output_virtium_vendor_vsfdm8xc240g_v11_t = """
SMART attributes
 ID                    Attribute   High Raw    Low Raw Value Worst Threshold
  1          Raw_Read_Error_Rate          0          0   100   100         0
  5           Reserved_Attribute          0          0   100   100         0
  9               Power_On_Hours          0        221   100   100         0
 12            Power_Cycle_Count          0        156   100   100         0
 14           Reserved_Attribute          0  469427376   100   100         0
 15           Reserved_Attribute          0  468862128   100   100         0
 16           Reserved_Attribute          0       1436   100   100         0
 17           Reserved_Attribute          0       1436   100   100         0
100           Reserved_Attribute          0       6823   100   100         0
168               NAND_Endurance          0          0   100   100         0
170           Reserved_Attribute          0          0   100   100         0
172           Reserved_Attribute          0          0   100   100         0
173           Reserved_Attribute          0         12   100   100         0
174           Reserved_Attribute          0        155   100   100         0
175           Reserved_Attribute          0          1   100   100         0
181           Total_Program_Fail          0          0   100   100         0
187    Uncorrectable_Error_Count          0          0   100   100         0
194          Temperature_Celsius         52         34    66    48         0
197 Current_Pending_Sector_Count          0          0   100   100         0
198           Reserved_Attribute          0          0   100   100         0
199         UDMA_CRC_Error_Count          0          0   100   100         0
202                   TRIM_Count          0          0     0     0         0
231           Reserved_Attribute          0         98   100   100         0
232           Reserved_Attribute          0          0   100   100         0
234           Reserved_Attribute          0  131296768   100   100         0
235           Reserved_Attribute          0  347463680   100   100         0
241           Total_LBAs_Written          0  302116658   100   100         0
242              Total_LBAs_Read          0   45608497   100   100         0
247           Reserved_Attribute          0  347463680   100   100         0
248          Remaining_Life_Left          0          0     1   100         0
"""

output_virtium_vendor_vtsm24abxi160_bm110006 = """
SMART attributes
 ID                    Attribute   High Raw    Low Raw Value Worst Threshold
  1          Raw_Read_Error_Rate          0          0   100   100         0
  5           Reserved_Attribute          0          0   100   100         0
  9               Power_On_Hours          0        496   100   100         0
 12            Power_Cycle_Count          0         56   100   100         0
 14           Reserved_Attribute          0  313147056   100   100         0
 15           Reserved_Attribute          0  312581808   100   100         0
 16           Reserved_Attribute          0        263   100   100         0
 17           Reserved_Attribute          0        263   100   100         0
100           Reserved_Attribute          0      59951   100   100         0
168               NAND_Endurance          0          0   100   100         0
170           Reserved_Attribute          0          0   100   100         0
172           Reserved_Attribute          0          0   100   100         0
173           Reserved_Attribute          0         57   100   100         0
174           Reserved_Attribute          0         53   100   100         0
175           Reserved_Attribute          0         36   100   100         0
181           Total_Program_Fail          0          0   100   100         0
187    Uncorrectable_Error_Count          0          0   100   100         0
194          Temperature_Celsius         64         50    50    36         0
197 Current_Pending_Sector_Count          0          0   100   100        10
198           Reserved_Attribute          0          0   100   100         0
199         UDMA_CRC_Error_Count          0          0   100   100         0
202                   TRIM_Count          0          0     0     0         0
231           Reserved_Attribute          0        100   100   100         0
232           Reserved_Attribute          0          0   100   100         0
234           Reserved_Attribute          0 2250576000   100   100         0
235           Reserved_Attribute          2  515071040   100   100         0
241           Total_LBAs_Written          2  181101356   100   100         0
242              Total_LBAs_Read          0 1411174937   100   100         0
247           Reserved_Attribute          2  515071040   100   100         0
248          Remaining_Life_Left          0         36   100   100         0
"""

output_virtium_no_remain_life = """
SMART attributes
 ID                    Attribute   High Raw    Low Raw Value Worst Threshold
  1          Raw_Read_Error_Rate          0          0   100   100        70
  5           Reserved_Attribute          0          0   100   100         0
  9               Power_On_Hours          0       1288   100   100         0
 12            Power_Cycle_Count          0        106   100   100         0
160   Uncorrectable_Sector_Count          0          0   100   100         0
161            Valid_Spare_Block          0        267   100   100         0
163           Reserved_Attribute          0         16   100   100         0
164           Reserved_Attribute          0     243145   100   100         0
165          Maximum_Erase_Count          0        194   100   100         0
166           Reserved_Attribute          0         89   100   100         0
167          Average_Erase_Count          0        116   100   100         0
168               NAND_Endurance          0      20000   100   100         0
177           Reserved_Attribute          0        775   100   100        50
178           Reserved_Attribute          0          0   100   100         0
181           Total_Program_Fail          0          0   100   100         0
182             Total_Erase_Fail          0          0   100   100         0
187    Uncorrectable_Error_Count          0          0   100   100         0
192      Sudden_Power_Lost_Count          0         44   100   100         0
194          Temperature_Celsius          0         35   100   100         0
195       Hardware_ECC_Recovered          0          0   100   100         0
196      Reallocated_Event_Count          0          0   100   100        16
198           Reserved_Attribute          0          0   100   100         0
199         UDMA_CRC_Error_Count          0          1   100   100        50
232           Reserved_Attribute          0        100   100   100         0
241           Total_LBAs_Written          0      63134   100   100         0
242              Total_LBAs_Read          0    8235204   100   100         0
248          Remaining_Life_Left          0        100   100   100         0
249  Remaining_Spare_Block_Count          0        100   100   100         0
"""

output_virtium_invalid_nand_endurance = """
SMART attributes
 ID                    Attribute   High Raw    Low Raw Value Worst Threshold
167          Average_Erase_Count          0        116   100   100         0
168               NAND_Endurance          0          0   100   100         0
"""

output_virtium_invalid_remain_life = """
SMART attributes
 ID                    Attribute   High Raw    Low Raw Value Worst Threshold
"""

output_virtium_generic_trick_number = """
smartctl 7.4 2023-08-01 r5530 [x86_64-linux-6.1.0-11-2-amd64] (local build)
Copyright (C) 2002-23, Bruce Allen, Christian Franke, www.smartmontools.org

ID# ATTRIBUTE_NAME          FLAG     VALUE WORST THRESH TYPE      UPDATED WHEN_FAILED RAW_VALUE

194 Temperature_Celsius     0x0023   058  241   000    Pre-fail Always       -       42 (Min/Max 29/115)
241 Total_LBAs_Written      0x0012   100  100   000    Old_age  Always       -       18782480803
"""

output_virtium_vendor_trick_number = """
SMART attributes
 ID                    Attribute   High Raw     Low Raw Value Worst Threshold
194          Temperature_Celsius        241          42   100   100         0
241           Total_LBAs_Written          0 18782480803   100   100         0
"""

output_swissbit_vendor = """
smartctl 7.2 2020-12-30 r5155 [x86_64-linux-5.10.0-23-2-amd64] (local build)
Copyright (C) 2002-20, Bruce Allen, Christian Franke, www.smartmontools.org

=== START OF INFORMATION SECTION ===
Device Model:     SFSA160GM2AK2TO-I-8C-22K-STD
Serial Number:    00006022750795000010
Firmware Version: SBR15004
User Capacity:    160,041,885,696 bytes [160 GB]
Sector Size:      512 bytes logical/physical
Rotation Rate:    Solid State Device
Form Factor:      2.5 inches
TRIM Command:     Available, deterministic, zeroed
Device is:        Not in smartctl database [for details use: -P showall]
ATA Version is:   ACS-3 (minor revision not indicated)
SATA Version is:  SATA 3.2, 6.0 Gb/s (current: 6.0 Gb/s)
Local Time is:    Wed Aug  2 08:24:31 2023 UTC
SMART support is: Available - device has SMART capability.
SMART support is: Enabled

=== START OF READ SMART DATA SECTION ===
SMART overall-health self-assessment test result: PASSED

General SMART Values:
Offline data collection status:  (0x00) Offline data collection activity
                                        was never started.
                                        Auto Offline Data Collection: Disabled.
Self-test execution status:      (   0) The previous self-test routine completed
                                        without error or no self-test has ever
                                        been run.
Total time to complete Offline
data collection:                (    0) seconds.
Offline data collection
capabilities:                    (0x53) SMART execute Offline immediate.
                                        Auto Offline data collection on/off support.
                                        Suspend Offline collection upon new
                                        command.
                                        No Offline surface scan supported.
                                        Self-test supported.
                                        No Conveyance Self-test supported.
                                        Selective Self-test supported.
SMART capabilities:            (0x0003) Saves SMART data before entering
                                        power-saving mode.
                                        Supports SMART auto save timer.
Error logging capability:        (0x01) Error logging supported.
                                        General Purpose Logging supported.
Short self-test routine
recommended polling time:        (   2) minutes.
Extended self-test routine
recommended polling time:        (  15) minutes.
SCT capabilities:              (0x0031) SCT Status supported.
                                        SCT Feature Control supported.
                                        SCT Data Table supported.

SMART Attributes Data Structure revision number: 1
Vendor Specific SMART Attributes with Thresholds:
ID# ATTRIBUTE_NAME          FLAG     VALUE WORST THRESH TYPE      UPDATED  WHEN_FAILED RAW_VALUE
  1 Raw_Read_Error_Rate     0x000b   100   100   000    Pre-fail  Always       -       0
  5 Reallocated_Sector_Ct   0x0013   100   100   000    Pre-fail  Always       -       0
  9 Power_On_Hours          0x0012   100   100   000    Old_age   Always       -       825
 12 Power_Cycle_Count       0x0012   100   100   000    Old_age   Always       -       447
 16 Unknown_Attribute       0x0112   100   100   001    Old_age   Always       -       4
 17 Unknown_Attribute       0x0012   100   100   000    Old_age   Always       -       30000
160 Unknown_Attribute       0x0002   100   100   000    Old_age   Always       -       0
161 Unknown_Attribute       0x0012   100   100   000    Old_age   Always       -       15401195
163 Unknown_Attribute       0x0003   100   100   000    Pre-fail  Always       -       33
164 Unknown_Attribute       0x0012   100   100   000    Old_age   Always       -       6506
165 Unknown_Attribute       0x0002   100   100   000    Old_age   Always       -       38
166 Unknown_Attribute       0x0012   100   100   000    Old_age   Always       -       1
167 Unknown_Attribute       0x0012   100   100   000    Old_age   Always       -       4
168 Unknown_Attribute       0x0012   100   100   000    Old_age   Always       -       30000
169 Unknown_Attribute       0x0003   100   100   000    Pre-fail  Always       -       421
193 Unknown_SSD_Attribute   0x0012   100   100   000    Old_age   Always       -       0
194 Temperature_Celsius     0x0023   100   100   000    Pre-fail  Always       -       25 (Min/Max 22/45)
195 Hardware_ECC_Recovered  0x0012   100   100   000    Old_age   Always       -       0
196 Reallocated_Event_Count 0x0012   000   000   000    Old_age   Always       -       0
198 Offline_Uncorrectable   0x0012   100   100   000    Old_age   Always       -       0
199 UDMA_CRC_Error_Count    0x000b   100   100   000    Pre-fail  Always       -       0
215 Unknown_Attribute       0x0012   100   100   000    Old_age   Always       -       4275
231 Unknown_SSD_Attribute   0x1913   100   100   025    Pre-fail  Always       -       100
235 Unknown_Attribute       0x0012   100   100   000    Old_age   Always       -       1302467136
237 Unknown_Attribute       0x0012   100   100   000    Old_age   Always       -       0
241 Total_LBAs_Written      0x0012   100   100   000    Old_age   Always       -       1186450104
242 Total_LBAs_Read         0x0012   100   100   000    Old_age   Always       -       2257141451
243 Unknown_Attribute       0x0012   100   100   000    Old_age   Always       -       0
244 Unknown_Attribute       0x0012   100   100   000    Old_age   Always       -       0
248 Unknown_Attribute       0x0112   100   100   001    Old_age   Always       -       100

SMART Error Log Version: 1
No Errors Logged

SMART Self-test log structure revision number 1
No self-tests have been logged.  [To run self-tests, use: smartctl -t]

SMART Selective self-test log data structure revision number 1
 SPAN  MIN_LBA  MAX_LBA  CURRENT_TEST_STATUS
    1        0        0  Not_testing
    2        0        0  Not_testing
    3        0        0  Not_testing
    4        0        0  Not_testing
    5        0        0  Not_testing
Selective self-test flags (0x0):
  After scanning selected spans, do NOT read-scan remainder of disk.
If Selective self-test is pending on power-up, resume after 0 minute delay.
"""

output_transcend_vendor = """
smartctl 7.4 2023-08-01 r5530 [x86_64-linux-6.1.0-22-2-amd64] (local build)
Copyright (C) 2002-23, Bruce Allen, Christian Franke, www.smartmontools.org

=== START OF INFORMATION SECTION ===
Model Family:     Silicon Motion based SSDs
Device Model:     TS120GMTS420S
Serial Number:    I074710927
LU WWN Device Id: 5 7c3548 21ce5198f
Firmware Version: R0522A0
User Capacity:    120,034,123,776 bytes [120 GB]
Sector Size:      512 bytes logical/physical
Rotation Rate:    Solid State Device
Form Factor:      M.2
TRIM Command:     Available, deterministic
Device is:        In smartctl database 7.3/5528
ATA Version is:   ACS-2 T13/2015-D revision 3
SATA Version is:  SATA 3.2, 6.0 Gb/s (current: 6.0 Gb/s)
Local Time is:    Fri Mar 21 08:22:45 2025 UTC
SMART support is: Available - device has SMART capability.
SMART support is: Enabled

=== START OF READ SMART DATA SECTION ===
SMART overall-health self-assessment test result: PASSED

General SMART Values:
Offline data collection status:  (0x00)	Offline data collection activity
					was never started.
					Auto Offline Data Collection: Disabled.
Self-test execution status:      (   0)	The previous self-test routine completed
					without error or no self-test has ever 
					been run.
Total time to complete Offline 
data collection: 		(  120) seconds.
Offline data collection
capabilities: 			 (0x11) SMART execute Offline immediate.
					No Auto Offline data collection support.
					Suspend Offline collection upon new
					command.
					No Offline surface scan supported.
					Self-test supported.
					No Conveyance Self-test supported.
					No Selective Self-test supported.
SMART capabilities:            (0x0002)	Does not save SMART data before
					entering power-saving mode.
					Supports SMART auto save timer.
Error logging capability:        (0x01)	Error logging supported.
					General Purpose Logging supported.
Short self-test routine 
recommended polling time: 	 (   2) minutes.
Extended self-test routine
recommended polling time: 	 (  10) minutes.

SMART Attributes Data Structure revision number: 1
Vendor Specific SMART Attributes with Thresholds:
ID# ATTRIBUTE_NAME          FLAG     VALUE WORST THRESH TYPE      UPDATED  WHEN_FAILED RAW_VALUE
  1 Raw_Read_Error_Rate     0x0032   100   100   050    Old_age   Always       -       0
  5 Reallocated_Sector_Ct   0x0032   100   100   050    Old_age   Always       -       0
  9 Power_On_Hours          0x0032   100   100   050    Old_age   Always       -       1221
 12 Power_Cycle_Count       0x0032   100   100   050    Old_age   Always       -       53
160 Uncorrectable_Error_Cnt 0x0032   100   100   050    Old_age   Always       -       0
161 Valid_Spare_Block_Cnt   0x0033   100   100   050    Pre-fail  Always       -       100
163 Initial_Bad_Block_Count 0x0032   100   100   050    Old_age   Always       -       14
164 Total_Erase_Count       0x0032   100   100   050    Old_age   Always       -       2185
165 Max_Erase_Count         0x0032   100   100   050    Old_age   Always       -       6
166 Min_Erase_Count         0x0032   100   100   050    Old_age   Always       -       1
167 Average_Erase_Count     0x0032   100   100   050    Old_age   Always       -       4
168 Max_Erase_Count_of_Spec 0x0032   100   100   050    Old_age   Always       -       1500
169 Remaining_Lifetime_Perc 0x0032   100   100   050    Old_age   Always       -       100
175 Program_Fail_Count_Chip 0x0032   100   100   050    Old_age   Always       -       0
176 Erase_Fail_Count_Chip   0x0032   100   100   050    Old_age   Always       -       0
177 Wear_Leveling_Count     0x0032   100   100   050    Old_age   Always       -       0
178 Runtime_Invalid_Blk_Cnt 0x0032   100   100   050    Old_age   Always       -       0
181 Program_Fail_Cnt_Total  0x0032   100   100   050    Old_age   Always       -       0
182 Erase_Fail_Count_Total  0x0032   100   100   050    Old_age   Always       -       0
192 Power-Off_Retract_Count 0x0032   100   100   050    Old_age   Always       -       51
194 Temperature_Celsius     0x0022   100   100   050    Old_age   Always       -       33
195 Hardware_ECC_Recovered  0x0032   100   100   050    Old_age   Always       -       0
196 Reallocated_Event_Count 0x0032   100   100   050    Old_age   Always       -       0
197 Current_Pending_Sector  0x0032   100   100   050    Old_age   Always       -       0
198 Offline_Uncorrectable   0x0032   100   100   050    Old_age   Always       -       0
199 UDMA_CRC_Error_Count    0x0032   100   100   050    Old_age   Always       -       0
232 Available_Reservd_Space 0x0032   100   100   050    Old_age   Always       -       100
241 Host_Writes_32MiB       0x0030   100   100   050    Old_age   Offline      -       5068
242 Host_Reads_32MiB        0x0030   100   100   050    Old_age   Offline      -       16734
245 TLC_Writes_32MiB        0x0032   100   100   050    Old_age   Always       -       1035

SMART Error Log Version: 1
No Errors Logged

SMART Self-test log structure revision number 1
No self-tests have been logged.  [To run self-tests, use: smartctl -t]

Selective Self-tests/Logging not supported

The above only provides legacy SMART information - try 'smartctl -x' for more

"""

output_micron_ssd="""smartctl 6.6 2017-11-05 r4594 [x86_64-linux-4.9.0-14-2-amd64] (local build)
Copyright (C) 2002-17, Bruce Allen, Christian Franke, www.smartmontools.org

=== START OF INFORMATION SECTION ===
Model Family:     Crucial/Micron MX1/2/300, M5/600, 1100 Client SSDs
Device Model:     Micron_M550_MTFDDAT064MAY
Serial Number:    MSA1827061P
LU WWN Device Id: 5 00a075 10d9c54a7
Firmware Version: MU01
User Capacity:    64,023,257,088 bytes [64.0 GB]
Sector Sizes:     512 bytes logical, 4096 bytes physical
Rotation Rate:    Solid State Device
Form Factor:      < 1.8 inches
Device is:        In smartctl database [for details use: -P show]
ATA Version is:   ACS-2, ATA8-ACS T13/1699-D revision 6
SATA Version is:  SATA 3.1, 6.0 Gb/s (current: 3.0 Gb/s)
Local Time is:    Mon May 20 18:31:29 2024 UTC
SMART support is: Available - device has SMART capability.
SMART support is: Enabled

=== START OF READ SMART DATA SECTION ===
SMART overall-health self-assessment test result: PASSED

General SMART Values:
Offline data collection status:  (0x80) Offline data collection activity
                                        was never started.
                                        Auto Offline Data Collection: Enabled.
Self-test execution status:      (   0) The previous self-test routine completed
                                        without error or no self-test has ever
                                        been run.
Total time to complete Offline
data collection:                (  295) seconds.
Offline data collection
capabilities:                    (0x7b) SMART execute Offline immediate.
                                        Auto Offline data collection on/off support.
                                        Suspend Offline collection upon new
                                        command.
                                        Offline surface scan supported.
                                        Self-test supported.
                                        Conveyance Self-test supported.
                                        Selective Self-test supported.
SMART capabilities:            (0x0003) Saves SMART data before entering
                                        power-saving mode.
                                        Supports SMART auto save timer.
Error logging capability:        (0x01) Error logging supported.
                                        General Purpose Logging supported.
Short self-test routine
recommended polling time:        (   2) minutes.
Extended self-test routine
recommended polling time:        (   3) minutes.
Conveyance self-test routine
recommended polling time:        (   3) minutes.
SCT capabilities:              (0x0035) SCT Status supported.
                                        SCT Feature Control supported.
                                        SCT Data Table supported.

SMART Attributes Data Structure revision number: 16
Vendor Specific SMART Attributes with Thresholds:
ID# ATTRIBUTE_NAME          FLAG     VALUE WORST THRESH TYPE      UPDATED  WHEN_FAILED RAW_VALUE
  1 Raw_Read_Error_Rate     0x002f   100   100   000    Pre-fail  Always       -       0
  5 Reallocate_NAND_Blk_Cnt 0x0033   100   100   000    Pre-fail  Always       -       0
  9 Power_On_Hours          0x0032   100   100   000    Old_age   Always       -       74245
 12 Power_Cycle_Count       0x0032   100   100   000    Old_age   Always       -       344
171 Program_Fail_Count      0x0032   100   100   000    Old_age   Always       -       0
172 Erase_Fail_Count        0x0032   100   100   000    Old_age   Always       -       0
173 Ave_Block-Erase_Count   0x0032   075   075   000    Old_age   Always       -       757
174 Unexpect_Power_Loss_Ct  0x0032   100   100   000    Old_age   Always       -       334
180 Unused_Reserve_NAND_Blk 0x0033   000   000   000    Pre-fail  Always       -       475
183 SATA_Interfac_Downshift 0x0032   100   100   000    Old_age   Always       -       0
184 Error_Correction_Count  0x0032   100   100   000    Old_age   Always       -       0
187 Reported_Uncorrect      0x0032   100   100   000    Old_age   Always       -       0
194 Temperature_Celsius     0x0022   068   048   000    Old_age   Always       -       32 (Min/Max 4/52)
196 Reallocated_Event_Count 0x0032   100   100   000    Old_age   Always       -       16
197 Current_Pending_Sector  0x0032   100   100   000    Old_age   Always       -       0
198 Offline_Uncorrectable   0x0030   100   100   000    Old_age   Offline      -       0
199 UDMA_CRC_Error_Count    0x0032   100   100   000    Old_age   Always       -       0
202 Percent_Lifetime_Used   0x0031   075   075   000    Pre-fail  Offline      -       25
206 Write_Error_Rate        0x000e   100   100   000    Old_age   Always       -       0
210 Success_RAIN_Recov_Cnt  0x0032   100   100   000    Old_age   Always       -       0
246 Total_Host_Sector_Write 0x0032   100   100   000    Old_age   Always       -       9607694422
247 Host_Program_Page_Count 0x0032   100   100   000    Old_age   Always       -       340097266
248 Bckgnd_Program_Page_Cnt 0x0032   100   100   000    Old_age   Always       -       2861592324

SMART Error Log Version: 1
No Errors Logged

SMART Self-test log structure revision number 1
Num  Test_Description    Status                  Remaining  LifeTime(hours)  LBA_of_first_error
# 1  Vendor (0xff)       Completed without error       00%      4927         -
# 2  Vendor (0xff)       Completed without error       00%      4899         -
# 3  Vendor (0xff)       Completed without error       00%      4879         -
# 4  Vendor (0xff)       Completed without error       00%      4850         -
# 5  Vendor (0xff)       Completed without error       00%      4830         -
# 6  Vendor (0xff)       Completed without error       00%      4804         -
# 7  Vendor (0xff)       Completed without error       00%      4792         -
# 8  Vendor (0xff)       Completed without error       00%      4772         -
# 9  Vendor (0xff)       Completed without error       00%      4752         -
#10  Vendor (0xff)       Completed without error       00%      4731         -
#11  Vendor (0xff)       Completed without error       00%      4711         -
#12  Vendor (0xff)       Completed without error       00%      4691         -
#13  Vendor (0xff)       Completed without error       00%      4671         -
#14  Vendor (0xff)       Completed without error       00%      4635         -
#15  Vendor (0xff)       Completed without error       00%      4614         -
#16  Vendor (0xff)       Completed without error       00%      4594         -
#17  Vendor (0xff)       Completed without error       00%      4574         -
#18  Vendor (0xff)       Completed without error       00%      4554         -
#19  Vendor (0xff)       Completed without error       00%      4534         -
#20  Vendor (0xff)       Completed without error       00%      4513         -
#21  Vendor (0xff)       Completed without error       00%      4493         -

SMART Selective self-test log data structure revision number 1
 SPAN  MIN_LBA  MAX_LBA  CURRENT_TEST_STATUS
    1        0        0  Not_testing
    2        0        0  Not_testing
    3        0        0  Not_testing
    4        0        0  Not_testing
    5        0        0  Not_testing
Selective self-test flags (0x0):
  After scanning selected spans, do NOT read-scan remainder of disk.
If Selective self-test is pending on power-up, resume after 0 minute delay."""


output_intel_ssd="""=== START OF INFORMATION SECTION ===
Model Family:     Intel S4510/S4610/S4500/S4600 Series SSDs
Device Model:     INTEL SSDSCKKB240G8
Serial Number:    BTYH12260KTW240J
LU WWN Device Id: 5 5cd2e4 154717dbe
Firmware Version: XC311132
User Capacity:    128,000,000,000 bytes [128 GB]
Sector Sizes:     512 bytes logical, 4096 bytes physical
Rotation Rate:    Solid State Device
Form Factor:      M.2
TRIM Command:     Available, deterministic, zeroed
Device is:        In smartctl database [for details use: -P show]
ATA Version is:   ACS-3 T13/2161-D revision 5
SATA Version is:  SATA 3.2, 6.0 Gb/s (current: 6.0 Gb/s)
Local Time is:    Mon May 20 19:26:53 2024 UTC
SMART support is: Available - device has SMART capability.
SMART support is: Enabled

=== START OF READ SMART DATA SECTION ===
SMART overall-health self-assessment test result: PASSED

General SMART Values:
Offline data collection status:  (0x02) Offline data collection activity
                                        was completed without error.
                                        Auto Offline Data Collection: Disabled.
Self-test execution status:      (   0) The previous self-test routine completed
                                        without error or no self-test has ever
                                        been run.
Total time to complete Offline
data collection:                (   20) seconds.
Offline data collection
capabilities:                    (0x79) SMART execute Offline immediate.
                                        No Auto Offline data collection support.
                                        Suspend Offline collection upon new
                                        command.
                                        Offline surface scan supported.
                                        Self-test supported.
                                        Conveyance Self-test supported.
                                        Selective Self-test supported.
SMART capabilities:            (0x0003) Saves SMART data before entering
                                        power-saving mode.
                                        Supports SMART auto save timer.
Error logging capability:        (0x01) Error logging supported.
                                        General Purpose Logging supported.
Short self-test routine
recommended polling time:        (   1) minutes.
Extended self-test routine
recommended polling time:        (   2) minutes.
Conveyance self-test routine
recommended polling time:        (   2) minutes.
SCT capabilities:              (0x003d) SCT Status supported.
                                        SCT Error Recovery Control supported.
                                        SCT Feature Control supported.
                                        SCT Data Table supported.

SMART Attributes Data Structure revision number: 1
Vendor Specific SMART Attributes with Thresholds:
ID# ATTRIBUTE_NAME          FLAG     VALUE WORST THRESH TYPE      UPDATED  WHEN_FAILED RAW_VALUE
  5 Reallocated_Sector_Ct   0x0032   100   100   000    Old_age   Always       -       0
  9 Power_On_Hours          0x0032   100   100   000    Old_age   Always       -       9201
 12 Power_Cycle_Count       0x0032   100   100   000    Old_age   Always       -       638
170 Available_Reservd_Space 0x0033   100   100   010    Pre-fail  Always       -       0
171 Program_Fail_Count      0x0032   100   100   000    Old_age   Always       -       0
172 Erase_Fail_Count        0x0032   100   100   000    Old_age   Always       -       0
174 Unsafe_Shutdown_Count   0x0032   100   100   000    Old_age   Always       -       589
175 Power_Loss_Cap_Test     0x0033   100   100   010    Pre-fail  Always       -       2207 (638 65535)
183 SATA_Downshift_Count    0x0032   100   100   000    Old_age   Always       -       0
184 End-to-End_Error_Count  0x0033   100   100   090    Pre-fail  Always       -       0
187 Uncorrectable_Error_Cnt 0x0032   100   100   000    Old_age   Always       -       0
190 Drive_Temperature       0x0022   066   060   000    Old_age   Always       -       34 (Min/Max 23/40)
192 Unsafe_Shutdown_Count   0x0032   100   100   000    Old_age   Always       -       589
194 Temperature_Celsius     0x0022   100   100   000    Old_age   Always       -       34
197 Pending_Sector_Count    0x0012   100   100   000    Old_age   Always       -       0
199 CRC_Error_Count         0x003e   100   100   000    Old_age   Always       -       0
225 Host_Writes_32MiB       0x0032   100   100   000    Old_age   Always       -       44554
226 Workld_Media_Wear_Indic 0x0032   100   100   000    Old_age   Always       -       92
227 Workld_Host_Reads_Perc  0x0032   100   100   000    Old_age   Always       -       26
228 Workload_Minutes        0x0032   100   100   000    Old_age   Always       -       543324
232 Available_Reservd_Space 0x0033   100   100   010    Pre-fail  Always       -       0
233 Media_Wearout_Indicator 0x0032   100   100   000    Old_age   Always       -       0
234 Thermal_Throttle_Status 0x0032   100   100   000    Old_age   Always       -       0/0
235 Power_Loss_Cap_Test     0x0033   100   100   010    Pre-fail  Always       -       2207 (638 65535)
241 Host_Writes_32MiB       0x0032   100   100   000    Old_age   Always       -       44554
242 Host_Reads_32MiB        0x0032   100   100   000    Old_age   Always       -       18922
243 NAND_Writes_32MiB       0x0032   100   100   000    Old_age   Always       -       90287

SMART Error Log Version: 1
No Errors Logged

SMART Self-test log structure revision number 1
Num  Test_Description    Status                  Remaining  LifeTime(hours)  LBA_of_first_error
# 1  Extended offline    Completed without error       00%        16         -
# 2  Extended offline    Completed without error       00%        10         -
# 3  Extended offline    Completed without error       00%         3         -

SMART Selective self-test log data structure revision number 1
 SPAN  MIN_LBA  MAX_LBA  CURRENT_TEST_STATUS
    1        0        0  Not_testing
    2        0        0  Not_testing
    3        0        0  Not_testing
    4        0        0  Not_testing
    5        0        0  Not_testing
Selective self-test flags (0x0):
  After scanning selected spans, do NOT read-scan remainder of disk.
If Selective self-test is pending on power-up, resume after 0 minute delay.
"""

output_vitrium_nvme_generic = """
smartctl 7.4 2023-08-01 r5530 [x86_64-linux-6.1.0-11-2-amd64] (local build)
Copyright (C) 2002-23, Bruce Allen, Christian Franke, www.smartmontools.org
=== START OF INFORMATION SECTION ===
Model Number:                       Virtium VTPM24CEXI080-BM110006
Serial Number:                      64008-0094
Firmware Version:                   CE00A400
PCI Vendor/Subsystem ID:            0x1f9f
IEEE OUI Identifier:                0x00e04c
Controller ID:                      1
NVMe Version:                       1.4
Number of Namespaces:               1
Namespace 1 Size/Capacity:          80,026,361,856 [80.0 GB]
Namespace 1 Formatted LBA Size:     512
Namespace 1 IEEE EUI-64:            00e04c 00a6105150
Local Time is:                      Fri May 31 09:42:45 2024 IDT
Firmware Updates (0x02):            1 Slot
Optional Admin Commands (0x0017):   Security Format Frmw_DL Self_Test
Optional NVM Commands (0x005e):     Wr_Unc DS_Mngmt Wr_Zero Sav/Sel_Feat Timestmp
Log Page Attributes (0x02):         Cmd_Eff_Lg
Maximum Data Transfer Size:         32 Pages
Warning  Comp. Temp. Threshold:     100 Celsius
Critical Comp. Temp. Threshold:     110 Celsius
Supported Power States
St Op     Max   Active     Idle   RL RT WL WT  Ent_Lat  Ex_Lat
 0 +     8.00W       -        -    0  0  0  0   230000   50000
 1 +     4.00W       -        -    1  1  1  1     4000   50000
 2 +     3.00W       -        -    2  2  2  2     4000  250000
 3 -   0.0300W       -        -    3  3  3  3     5000   10000
 4 -   0.0050W       -        -    4  4  4  4    20000   45000
Supported LBA Sizes (NSID 0x1)
Id Fmt  Data  Metadt  Rel_Perf
 0 +     512       0         0
=== START OF SMART DATA SECTION ===
SMART overall-health self-assessment test result: PASSED
SMART/Health Information (NVMe Log 0x02)
Critical Warning:                   0x00
Temperature:                        53 Celsius
Available Spare:                    100%
Available Spare Threshold:          32%
Percentage Used:                    0%
Data Units Read:                    253,310 [129 GB]
Data Units Written:                 598,492 [306 GB]
Host Read Commands:                 3,015,892
Host Write Commands:                5,589,998
Controller Busy Time:               0
Power Cycles:                       79
Power On Hours:                     265
Unsafe Shutdowns:                   77
Media and Data Integrity Errors:    0
Error Information Log Entries:      0
Warning  Comp. Temperature Time:    0
Critical Comp. Temperature Time:    0
"""

output_smartcmd_vitrium_error = """
[Error] Cannot read SMART information on device /dev/nvme0n1
"""

output_atp_ssd="""smartctl 7.4 2023-08-01 r5530 [x86_64-linux-6.1.0-29-2-amd64] (local build)
Copyright (C) 2002-23, Bruce Allen, Christian Franke, www.smartmontools.org

=== START OF INFORMATION SECTION ===
Device Model:     ATP AF32GSAIA-AW1
Serial Number:    22110247-000144
LU WWN Device Id: 5 141357 01002bd8a
Firmware Version: V1ST0100
User Capacity:    32,017,047,552 bytes [32.0 GB]
Sector Size:      512 bytes logical/physical
Rotation Rate:    Solid State Device
Form Factor:      2.5 inches
TRIM Command:     Available, deterministic, zeroed
Device is:        Not in smartctl database 7.3/5528
ATA Version is:   ACS-3 T13/2161-D revision 5
SATA Version is:  SATA 3.3, 6.0 Gb/s (current: 6.0 Gb/s)
Local Time is:    Wed Sep 10 20:56:58 2025 UTC
SMART support is: Available - device has SMART capability.
SMART support is: Enabled

=== START OF READ SMART DATA SECTION ===
SMART overall-health self-assessment test result: PASSED

General SMART Values:
Offline data collection status:  (0x00)	Offline data collection activity
					was never started.
					Auto Offline Data Collection: Disabled.
Self-test execution status:      (   0)	The previous self-test routine completed
					without error or no self-test has ever
					been run.
Total time to complete Offline
data collection: 		(    0) seconds.
Offline data collection
capabilities: 			 (0x71) SMART execute Offline immediate.
					No Auto Offline data collection support.
					Suspend Offline collection upon new
					command.
					No Offline surface scan supported.
					Self-test supported.
					Conveyance Self-test supported.
					Selective Self-test supported.
SMART capabilities:            (0x0002)	Does not save SMART data before
					entering power-saving mode.
					Supports SMART auto save timer.
Error logging capability:        (0x01)	Error logging supported.
					General Purpose Logging supported.
Short self-test routine
recommended polling time: 	 (   2) minutes.
Extended self-test routine
recommended polling time: 	 (  30) minutes.
Conveyance self-test routine
recommended polling time: 	 (   2) minutes.
SCT capabilities: 	       (0x003d)	SCT Status supported.
					SCT Error Recovery Control supported.
					SCT Feature Control supported.
					SCT Data Table supported.

SMART Attributes Data Structure revision number: 1
Vendor Specific SMART Attributes with Thresholds:
ID# ATTRIBUTE_NAME          FLAG     VALUE WORST THRESH TYPE      UPDATED  WHEN_FAILED RAW_VALUE
  1 Raw_Read_Error_Rate     0x0000   100   100   000    Old_age   Offline      -       0
  5 Reallocated_Sector_Ct   0x0000   100   100   000    Old_age   Offline      -       0
  9 Power_On_Hours          0x0000   100   100   000    Old_age   Offline      -       17981
 12 Power_Cycle_Count       0x0000   100   100   000    Old_age   Offline      -       17072
 14 Unknown_Attribute       0x0000   100   100   000    Old_age   Offline      -       99090432
 15 Unknown_Attribute       0x0000   100   100   000    Old_age   Offline      -       62533296
 16 Unknown_Attribute       0x0000   100   100   000    Old_age   Offline      -       366
 17 Unknown_Attribute       0x0000   100   100   000    Old_age   Offline      -       366
100 Unknown_Attribute       0x0000   100   100   000    Old_age   Offline      -       525732
160 Unknown_Attribute       0x0000   100   100   000    Old_age   Offline      -       0
172 Unknown_Attribute       0x0000   100   100   000    Old_age   Offline      -       204
173 Unknown_Attribute       0x0000   100   100   000    Old_age   Offline      -       1134
174 Unknown_Attribute       0x0000   100   100   000    Old_age   Offline      -       14105
175 Program_Fail_Count_Chip 0x0000   100   100   000    Old_age   Offline      -       1113
181 Program_Fail_Cnt_Total  0x0000   100   100   000    Old_age   Offline      -       0
187 Reported_Uncorrect      0x0000   100   100   000    Old_age   Offline      -       0
194 Temperature_Celsius     0x0000   033   068   000    Old_age   Offline      -       33
195 Hardware_ECC_Recovered  0x0003   100   100   000    Pre-fail  Always       -       0
197 Current_Pending_Sector  0x0000   100   100   000    Old_age   Offline      -       0
198 Offline_Uncorrectable   0x0000   100   100   000    Old_age   Offline      -       0
199 UDMA_CRC_Error_Count    0x0000   100   100   000    Old_age   Offline      -       4
202 Unknown_SSD_Attribute   0x0000   100   100   000    Old_age   Offline      -       2
205 Thermal_Asperity_Rate   0x0000   100   100   000    Old_age   Offline      -       0
231 Unknown_SSD_Attribute   0x0000   044   091   000    Old_age   Offline      -       44
234 Unknown_Attribute       0x0000   100   100   000    Old_age   Offline      -       94690034624
235 Unknown_Attribute       0x0000   100   100   000    Old_age   Offline      -       76600511194
241 Total_LBAs_Written      0x0000   100   100   000    Old_age   Offline      -       77937125888
242 Total_LBAs_Read         0x0000   100   100   000    Old_age   Offline      -       75560121447
248 Unknown_Attribute       0x0000   100   100   005    Old_age   Offline      -       98
249 Unknown_Attribute       0x0000   100   100   020    Old_age   Offline      -       100

SMART Error Log Version: 1
Invalid Error Log index = 0x0e (valid range is from 1 to 5)
ATA Error Count: 0 (possibly also invalid)

SMART Self-test log structure revision number 0
Warning: ATA Specification requires self-test log structure revision number = 1
Num  Test_Description    Status                  Remaining  LifeTime(hours)  LBA_of_first_error
# 1  Offline             Completed without error       00%       120         -
# 2  Offline             Completed without error       00%       120         -
# 3  Offline             Completed without error       00%       179         -
# 4  Offline             Completed without error       00%       179         -
# 5  Offline             Completed without error       00%       249         -
# 6  Offline             Completed without error       00%       249         -
# 7  Offline             Completed without error       00%       105         -
# 8  Offline             Completed without error       00%       105         -
# 9  Offline             Completed without error       00%       201         -
#10  Offline             Completed without error       00%       201         -
#11  Offline             Completed without error       00%        17         -
#12  Offline             Completed without error       00%        17         -
#13  Offline             Completed without error       00%       219         -
#14  Offline             Completed without error       00%       219         -

SMART Selective self-test log data structure revision number 1
 SPAN  MIN_LBA  MAX_LBA  CURRENT_TEST_STATUS
    1        0        0  Not_testing
    2        0        0  Not_testing
    3        0        0  Not_testing
    4        0        0  Not_testing
    5        0        0  Not_testing
    6        0    65535  Read_scanning was never started
Selective self-test flags (0x0):
  After scanning selected spans, do NOT read-scan remainder of disk.
If Selective self-test is pending on power-up, resume after 0 minute delay.

The above only provides legacy SMART information - try 'smartctl -x' for more
"""

class TestSsd:
    @mock.patch('sonic_platform_base.sonic_storage.ssd.SsdUtil._execute_shell', mock.MagicMock(return_value=output_nvme_ssd))
    def test_nvme_ssd(self):
        # Test parsing nvme ssd info
        nvme_ssd = SsdUtil('/dev/nvme0n1')
        assert(nvme_ssd.get_health() == 100.0)
        assert(nvme_ssd.get_model() == 'SFPC020GM1EC2TO-I-5E-11P-STD')
        assert(nvme_ssd.get_firmware() == "COT6OQ")
        assert(nvme_ssd.get_temperature() == 37)
        assert(nvme_ssd.get_serial() == "A0221030722410000027")
        assert(nvme_ssd.get_disk_io_reads() == "1,546,369 [791 GB]")
        assert(nvme_ssd.get_disk_io_writes() == "7,118,163 [3.64 TB]")
        assert(nvme_ssd.get_reserved_blocks() == 100.0)

    @mock.patch('sonic_platform_base.sonic_storage.ssd.SsdUtil._execute_shell', mock.MagicMock(return_value=output_lack_info_ssd))
    def test_nvme_ssd_with_na_path(self):
        # Test parsing nvme ssd info which lack of expected sections
        nvme_ssd = SsdUtil('/dev/nvme0n1')
        assert(nvme_ssd.get_health() == 'N/A')
        assert(nvme_ssd.get_model() == 'N/A')
        assert(nvme_ssd.get_firmware() == "N/A")
        assert(nvme_ssd.get_temperature() == "N/A")
        assert(nvme_ssd.get_serial() == "N/A")
        assert(nvme_ssd.get_disk_io_reads() == "N/A")
        assert(nvme_ssd.get_disk_io_writes() == "N/A")
        assert(nvme_ssd.get_reserved_blocks() == "N/A")

    @mock.patch('sonic_platform_base.sonic_storage.ssd.SsdUtil._execute_shell', mock.MagicMock(return_value=output_ssd))
    def test_ssd(self):
        # Test parsing a normal ssd info
        ssd = SsdUtil('/dev/sda')
        assert(ssd.get_health() == '95')
        assert(ssd.get_model() == '(S42) 3IE3')
        assert(ssd.get_firmware() == 'S16425i')
        assert(ssd.get_temperature() == '30')
        assert(ssd.get_serial() == 'BCA11712280210689')
        assert(ssd.get_disk_io_reads() == '760991')
        assert(ssd.get_disk_io_writes() == '178564')
        assert(ssd.get_reserved_blocks() == '146')

    @mock.patch('sonic_platform_base.sonic_storage.ssd.SsdUtil._execute_shell', mock.MagicMock(return_value=output_ssd_leading_trailing_spaces))
    def test_ssd_leading_trailing_spaces(self):
        # Test parsing a normal ssd info
        ssd = SsdUtil('/dev/sda')

        assert(ssd.get_disk_io_writes() == '178564')
        assert(ssd.get_disk_io_reads() == '760991')

    @mock.patch('sonic_platform_base.sonic_storage.ssd.SsdUtil._execute_shell', mock.MagicMock(return_value=output_ssd2))
    def test_ssd2(self):
        # Test parsing a normal ssd info
        ssd = SsdUtil('/dev/sda')
        assert(ssd.get_health() == '0')
        assert(ssd.get_model() == 'SATA SSD')
        assert(ssd.get_firmware() == 'FW1241')
        assert(ssd.get_temperature() == '30')
        assert(ssd.get_serial() == 'SPG210902J8')
        assert(ssd.get_disk_io_reads() == '37584067165')
        assert(ssd.get_disk_io_writes() == '196534949930')
        assert(ssd.get_reserved_blocks() == '29')

    @mock.patch('sonic_platform_base.sonic_storage.ssd.SsdUtil._execute_shell', mock.MagicMock(return_value=output_lack_info_ssd))
    def test_ssd_with_na_path(self):
        # Test parsing normal ssd info which lack of expected sections
        ssd = SsdUtil('/dev/sda')
        assert(ssd.get_health() == 'N/A')
        assert(ssd.get_model() == 'N/A')
        assert(ssd.get_firmware() == "N/A")
        assert(ssd.get_temperature() == "N/A")
        assert(ssd.get_serial() == "N/A")
        assert(ssd.get_disk_io_reads() == "N/A")
        assert(ssd.get_disk_io_writes() == "N/A")
        assert(ssd.get_reserved_blocks() == "N/A")

    @mock.patch('sonic_platform_base.sonic_storage.ssd.SsdUtil._execute_shell', mock.MagicMock(return_value=output_Innodisk_ssd))
    def test_Innodisk_ssd(self):
        # Test parsing Innodisk ssd info
        Innodisk_ssd = SsdUtil('/dev/sda')
        assert(Innodisk_ssd.get_health() == '92')
        assert(Innodisk_ssd.get_model() == 'InnoDisk Corp. - mSATA 3IE3')
        assert(Innodisk_ssd.get_temperature() == '30')
        assert(Innodisk_ssd.get_serial() == "BCA11802090990501")

        Innodisk_ssd.vendor_ssd_info = output_Innodisk_vendor_info
        Innodisk_ssd.parse_vendor_ssd_info('InnoDisk')
        assert(Innodisk_ssd.get_health() == '92')
        assert(Innodisk_ssd.get_model() == 'InnoDisk Corp. - mSATA 3IE3')
        assert(Innodisk_ssd.get_firmware() == "S16425cG")
        assert(Innodisk_ssd.get_temperature() == '30')
        assert(Innodisk_ssd.get_serial() == "BCA11802090990501")

        assert(Innodisk_ssd.get_disk_io_reads() == '73954')
        assert(Innodisk_ssd.get_disk_io_writes() == '150370')
        assert(Innodisk_ssd.get_reserved_blocks() == '59')


    @mock.patch('sonic_platform_base.sonic_storage.ssd.SsdUtil._execute_shell', mock.MagicMock(return_value=output_Innodisk_vendor_info))
    @mock.patch('sonic_platform_base.sonic_storage.ssd.SsdUtil.model', "InnoDisk")
    @mock.patch('sonic_platform_base.sonic_storage.ssd.SsdUtil.disk_io_reads', "N/A")
    @mock.patch('sonic_platform_base.sonic_storage.ssd.SsdUtil.disk_io_writes', "N/A")
    @mock.patch('sonic_platform_base.sonic_storage.ssd.SsdUtil.reserved_blocks', "N/A")
    def test_Innodisk_no_info_ssd(self):

        # Test parsing Innodisk ssd info
        with mock.patch.object(SsdUtil, 'parse_generic_ssd_info', new=mock.MagicMock(return_value=None)):
            Innodisk_ssd = SsdUtil('/dev/sda')
            assert(Innodisk_ssd.get_health() == '92.725')
            assert(Innodisk_ssd.get_model() == 'InnoDisk')
            assert(Innodisk_ssd.get_firmware() == "S16425cG")
            assert(Innodisk_ssd.get_temperature() == '30')
            assert(Innodisk_ssd.get_serial() == "BCA11802090990501")
            assert(Innodisk_ssd.get_disk_io_reads() == '73954')
            assert(Innodisk_ssd.get_disk_io_writes() == '150370')
            assert(Innodisk_ssd.get_reserved_blocks() == '0')


    @mock.patch('sonic_platform_base.sonic_storage.ssd.SsdUtil._execute_shell', mock.MagicMock(return_value=output_Innodisk_missing_names_ssd))
    def test_Innodisk_missing_names_ssd(self):
        # Test parsing Innodisk ssd info
        Innodisk_ssd = SsdUtil('/dev/sda')
        Innodisk_ssd.vendor_ssd_info = ''
        Innodisk_ssd.parse_vendor_ssd_info('InnoDisk')
        assert(Innodisk_ssd.get_health() == '94')
        assert(Innodisk_ssd.get_temperature() == 'N/A')

